 | google | https://www.google.com/search?q=%s
 | yahoo | https://search.yahoo.com/search?p=%s
 | bing | https://www.bing.com/search?q=%s
󰇥 | duckduckgo | https://duckduckgo.com/?q=%s
 | startpage | https://www.startpage.com/do/search?query=%s
 | amazon | https://www.amazon.com/s?k=%s
 | wikipedia | https://en.wikipedia.org/w/index.php?search=%s
 | superuser | https://superuser.com/search?q=%s
 | tex | https://tex.stackexchange.com/search?q=%s
 | softwareengineering | https://softwareengineering.stackexchange.com/search?q=%s
 | github | https://www.github.com/search?q=%s
 | youtube | https://www.youtube.com/results?search_query=%s
 | archlinux | https://archlinux.org/packages/?sort=&q=%s
 | AUR | https://aur.archlinux.org/packages?O=0&K=%s
󰆼 | searx | http://searx.neocities.org/?q=%s
󰆼 | searXNG | https://searx.tiekoetter.com/?q=%s
 | dictionary | https://www.dictionary.com/browse/%s
 | thesaurus | https://www.thesaurus.com/browse/%s
 | stackoverflow | https://www.stackoverflow.com/search?q=%s
 | stackexchange | https://stackexchange.com/search?q=%s
 | OpenStreetMap | https://www.openstreetmap.org/search?query=%s
 | archwiki | https://wiki.archlinux.org/index.php?search=%s
 | quickRef | https://quickref.me/%s
 | brave | https://search.brave.com/search?q=%s
󰋊 | lens.org | https://www.lens.org/lens/search/patent/list?q=%s
 | patents.google | https://patents.google.com/?q=%s
 | worldwide.espacenet | https://worldwide.espacenet.com/patent/search?q=%s
 | chatGPT | https://chat.openai.com/?q=%s
 | perplexity | https://www.perplexity.ai/search?q=%s
